[2026-09-18 01:46:36] local.ERROR: Vite manifest not found at: C:\Users\holan\Downloads\VentasFix\VentasFix-fix3\public\build/manifest.json (View: C:\Users\holan\Downloads\VentasFix\VentasFix-fix3\resources\views\layouts\app.blade.php) (View: C:\Users\holan\Downloads\VentasFix\VentasFix-fix3\resources\views\layouts\app.blade.php) {"exception":"[object] (Illuminate\\View\\ViewException(code: 0): Vite manifest not found at: C:\\Users\\holan\\Downloads\\VentasFix\\VentasFix-fix3\\public\\build/manifest.json (View: C:\\Users\\holan\\Downloads\\VentasFix\\VentasFix-fix3\\resources\\views\\layouts\\app.blade.php) (View: C:\\Users\\holan\\Downloads\\VentasFix\\VentasFix-fix3\\resources\\views\\layouts\\app.blade.php) at C:/Users/holan/Downloads/VentasFix/VentasFix-fix3/vendor/laravel/framework/src/Illuminate/Foundation/Vite.php:728)
[stacktrace]
#0 C:/Users/holan/Downloads/VentasFix/VentasFix-fix3/vendor/laravel/framework/src/Illuminate/View/Engines/PhpEngine.php(60): Illuminate/View/Engines/CompilerEngine->handleViewException()
#1 C:/Users/holan/Downloads/VentasFix/VentasFix-fix3/vendor/laravel/framework/src/Illuminate/View/Engines/CompilerEngine.php(72): Illuminate/View/Engines/PhpEngine->evaluatePath()
#2 C:/Users/holan/Downloads/VentasFix/VentasFix-fix3/vendor/laravel/framework/src/Illuminate/View/View.php(207): Illuminate/View/Engines/CompilerEngine->get()
#3 C:/Users/holan/Downloads/VentasFix/VentasFix-fix3/vendor/laravel/framework/src/Illuminate/View/View.php(190): Illuminate/View/View->getContents()
#4 C:/Users/holan/Downloads/VentasFix/VentasFix-fix3/vendor/laravel/framework/src/Illuminate/View/View.php(159): Illuminate/View/View->renderContents()
#5 C:/Users/holan/Downloads/VentasFix/VentasFix-fix3/vendor/laravel/framework/src/Illuminate/Http/Response.php(69): Illuminate/View/View->render()
#6 C:/Users/holan/Downloads/VentasFix/VentasFix-fix3/vendor/laravel/framework/src/Illuminate/Http/Response.php(35): Illuminate/Http/Response->setContent()
#7 C:/Users/holan/Downloads/VentasFix/VentasFix-fix3/vendor/laravel/framework/src/Illuminate/Routing/Router.php(918): Illuminate/Http/Response->__construct()
#8 C:/Users/holan/Downloads/VentasFix/VentasFix-fix3/vendor/laravel/framework/src/Illuminate/Routing/Router.php(885): Illuminate/Routing/Router::toResponse()
#9 C:/Users/holan/Downloads/VentasFix/VentasFix-fix3/vendor/laravel/framework/src/Illuminate/Routing/Router.php(805): Illuminate/Routing/Router->prepareResponse()
#10 C:/Users/holan/Downloads/VentasFix/VentasFix-fix3/vendor/laravel/framework/src/Illuminate/Pipeline/Pipeline.php(144): Illuminate/Routing/Router->{closure:Illuminate/Routing/Router::runRouteWithinStack():805}()
#11 C:/Users/holan/Downloads/VentasFix/VentasFix-fix3/vendor/laravel/framework/src/Illuminate/Routing/Middleware/SubstituteBindings.php(50): Illuminate/Pipeline/Pipeline->{closure:Illuminate/Pipeline/Pipeline::prepareDestination():142}()
#12 C:/Users/holan/Downloads/VentasFix/VentasFix-fix3/vendor/laravel/framework/src/Illuminate/Pipeline/Pipeline.php(183): Illuminate/Routing/Middleware/SubstituteBindings->handle()
#13 C:/Users/holan/Downloads/VentasFix/VentasFix-fix3/vendor/laravel/framework/src/Illuminate/View/Middleware/ShareErrorsFromSession.php(49): Illuminate/Pipeline/Pipeline->{closure:{closure:Illuminate/Pipeline/Pipeline::carry():158}:159}()
#14 C:/Users/holan/Downloads/VentasFix/VentasFix-fix3/vendor/laravel/framework/src/Illuminate/Pipeline/Pipeline.php(183): Illuminate/View/Middleware/ShareErrorsFromSession->handle()
#15 C:/Users/holan/Downloads/VentasFix/VentasFix-fix3/vendor/laravel/framework/src/Illuminate/Session/Middleware/StartSession.php(121): Illuminate/Pipeline/Pipeline->{closure:{closure:Illuminate/Pipeline/Pipeline::carry():158}:159}()
#16 C:/Users/holan/Downloads/VentasFix/VentasFix-fix3/vendor/laravel/framework/src/Illuminate/Session/Middleware/StartSession.php(64): Illuminate/Session/Middleware/StartSession->handleStatefulRequest()
#17 C:/Users/holan/Downloads/VentasFix/VentasFix-fix3/vendor/laravel/framework/src/Illuminate/Pipeline/Pipeline.php(183): Illuminate/Session/Middleware/StartSession->handle()
#18 C:/Users/holan/Downloads/VentasFix/VentasFix-fix3/vendor/laravel/framework/src/Illuminate/Cookie/Middleware/AddQueuedCookiesToResponse.php(37): Illuminate/Pipeline/Pipeline->{closure:{closure:Illuminate/Pipeline/Pipeline::carry():158}:159}()
#19 C:/Users/holan/Downloads/VentasFix/VentasFix-fix3/vendor/laravel/framework/src/Illuminate/Pipeline/Pipeline.php(183): Illuminate/Cookie/Middleware/AddQueuedCookiesToResponse->handle()
#20 C:/Users/holan/Downloads/VentasFix/VentasFix-fix3/vendor/laravel/framework/src/Illuminate/Cookie/Middleware/EncryptCookies.php(67): Illuminate/Pipeline/Pipeline->{closure:{closure:Illuminate/Pipeline/Pipeline::carry():158}:159}()
#21 C:/Users/holan/Downloads/VentasFix/VentasFix-fix3/vendor/laravel/framework/src/Illuminate/Pipeline/Pipeline.php(183): Illuminate/Cookie/Middleware/EncryptCookies->handle()
#22 C:/Users/holan/Downloads/VentasFix/VentasFix-fix3/vendor/laravel/framework/src/Illuminate/Pipeline/Pipeline.php(119): Illuminate/Pipeline/Pipeline->{closure:{closure:Illuminate/Pipeline/Pipeline::carry():158}:159}()
#23 C:/Users/holan/Downloads/VentasFix/VentasFix-fix3/vendor/laravel/framework/src/Illuminate/Routing/Router.php(805): Illuminate/Pipeline/Pipeline->then()
#24 C:/Users/holan/Downloads/VentasFix/VentasFix-fix3/vendor/laravel/framework/src/Illuminate/Routing/Router.php(784): Illuminate/Routing/Router->runRouteWithinStack()
#25 C:/Users/holan/Downloads/VentasFix/VentasFix-fix3/vendor/laravel/framework/src/Illuminate/Routing/Router.php(748): Illuminate/Routing/Router->runRoute()
#26 C:/Users/holan/Downloads/VentasFix/VentasFix-fix3/vendor/laravel/framework/src/Illuminate/Routing/Router.php(737): Illuminate/Routing/Router->dispatchToRoute()
#27 C:/Users/holan/Downloads/VentasFix/VentasFix-fix3/vendor/laravel/framework/src/Illuminate/Foundation/Http/Kernel.php(200): Illuminate/Routing/Router->dispatch()
#28 C:/Users/holan/Downloads/VentasFix/VentasFix-fix3/vendor/laravel/framework/src/Illuminate/Pipeline/Pipeline.php(144): Illuminate/Foundation/Http/Kernel->{closure:Illuminate/Foundation/Http/Kernel::dispatchToRouter():197}()
#29 C:/Users/holan/Downloads/VentasFix/VentasFix-fix3/vendor/laravel/framework/src/Illuminate/Foundation/Http/Middleware/TransformsRequest.php(21): Illuminate/Pipeline/Pipeline->{closure:Illuminate/Pipeline/Pipeline::prepareDestination():142}()
#30 C:/Users/holan/Downloads/VentasFix/VentasFix-fix3/vendor/laravel/framework/src/Illuminate/Foundation/Http/Middleware/ConvertEmptyStringsToNull.php(31): Illuminate/Foundation/Http/Middleware/TransformsRequest->handle()
#31 C:/Users/holan/Downloads/VentasFix/VentasFix-fix3/vendor/laravel/framework/src/Illuminate/Pipeline/Pipeline.php(183): Illuminate/Foundation/Http/Middleware/ConvertEmptyStringsToNull->handle()
#32 C:/Users/holan/Downloads/VentasFix/VentasFix-fix3/vendor/laravel/framework/src/Illuminate/Foundation/Http/Middleware/ValidatePostSize.php(27): Illuminate/Pipeline/Pipeline->{closure:{closure:Illuminate/Pipeline/Pipeline::carry():158}:159}()
#33 C:/Users/holan/Downloads/VentasFix/VentasFix-fix3/vendor/laravel/framework/src/Illuminate/Pipeline/Pipeline.php(183): Illuminate/Foundation/Http/Middleware/ValidatePostSize->handle()
#34 C:/Users/holan/Downloads/VentasFix/VentasFix-fix3/vendor/laravel/framework/src/Illuminate/Foundation/Http/Middleware/PreventRequestsDuringMaintenance.php(99): Illuminate/Pipeline/Pipeline->{closure:{closure:Illuminate/Pipeline/Pipeline::carry():158}:159}()
#35 C:/Users/holan/Downloads/VentasFix/VentasFix-fix3/vendor/laravel/framework/src/Illuminate/Pipeline/Pipeline.php(183): Illuminate/Foundation/Http/Middleware/PreventRequestsDuringMaintenance->handle()
#36 C:/Users/holan/Downloads/VentasFix/VentasFix-fix3/vendor/laravel/framework/src/Illuminate/Pipeline/Pipeline.php(119): Illuminate/Pipeline/Pipeline->{closure:{closure:Illuminate/Pipeline/Pipeline::carry():158}:159}()
#37 C:/Users/holan/Downloads/VentasFix/VentasFix-fix3/vendor/laravel/framework/src/Illuminate/Foundation/Http/Kernel.php(175): Illuminate/Pipeline/Pipeline->then()
#38 C:/Users/holan/Downloads/VentasFix/VentasFix-fix3/vendor/laravel/framework/src/Illuminate/Foundation/Http/Kernel.php(144): Illuminate/Foundation/Http/Kernel->sendRequestThroughRouter()
#39 C:/Users/holan/Downloads/VentasFix/VentasFix-fix3/public/index.php(51): Illuminate/Foundation/Http/Kernel->handle()
#40 C:/Users/holan/Downloads/VentasFix/VentasFix-fix3/vendor/laravel/framework/src/Illuminate/Foundation/resources/server.php(16): require_once('...')
#41 {main}

[previous exception] [object] (Illuminate\\View\\ViewException(code: 0): Vite manifest not found at: C:\\Users\\holan\\Downloads\\VentasFix\\VentasFix-fix3\\public\\build/manifest.json (View: C:\\Users\\holan\\Downloads\\VentasFix\\VentasFix-fix3\\resources\\views\\layouts\\app.blade.php) at C:/Users/holan/Downloads/VentasFix/VentasFix-fix3/vendor/laravel/framework/src/Illuminate/Foundation/Vite.php:728)
[stacktrace]
#0 C:/Users/holan/Downloads/VentasFix/VentasFix-fix3/vendor/laravel/framework/src/Illuminate/View/Engines/PhpEngine.php(60): Illuminate/View/Engines/CompilerEngine->handleViewException()
#1 C:/Users/holan/Downloads/VentasFix/VentasFix-fix3/vendor/laravel/framework/src/Illuminate/View/Engines/CompilerEngine.php(72): Illuminate/View/Engines/PhpEngine->evaluatePath()
#2 C:/Users/holan/Downloads/VentasFix/VentasFix-fix3/vendor/laravel/framework/src/Illuminate/View/View.php(207): Illuminate/View/Engines/CompilerEngine->get()
#3 C:/Users/holan/Downloads/VentasFix/VentasFix-fix3/vendor/laravel/framework/src/Illuminate/View/View.php(190): Illuminate/View/View->getContents()
#4 C:/Users/holan/Downloads/VentasFix/VentasFix-fix3/vendor/laravel/framework/src/Illuminate/View/View.php(159): Illuminate/View/View->renderContents()
#5 C:/Users/holan/Downloads/VentasFix/VentasFix-fix3/storage/framework/views/663058d0a1d7045d7ec3142b50615e9d.php(87): Illuminate/View/View->render()
#6 C:/Users/holan/Downloads/VentasFix/VentasFix-fix3/vendor/laravel/framework/src/Illuminate/Filesystem/Filesystem.php(123): require('...')
#7 C:/Users/holan/Downloads/VentasFix/VentasFix-fix3/vendor/laravel/framework/src/Illuminate/Filesystem/Filesystem.php(124): Illuminate/Filesystem/Filesystem::{closure:Illuminate/Filesystem/Filesystem::getRequire():120}()
#8 C:/Users/holan/Downloads/VentasFix/VentasFix-fix3/vendor/laravel/framework/src/Illuminate/View/Engines/PhpEngine.php(58): Illuminate/Filesystem/Filesystem->getRequire()
#9 C:/Users/holan/Downloads/VentasFix/VentasFix-fix3/vendor/laravel/framework/src/Illuminate/View/Engines/CompilerEngine.php(72): Illuminate/View/Engines/PhpEngine->evaluatePath()
#10 C:/Users/holan/Downloads/VentasFix/VentasFix-fix3/vendor/laravel/framework/src/Illuminate/View/View.php(207): Illuminate/View/Engines/CompilerEngine->get()
#11 C:/Users/holan/Downloads/VentasFix/VentasFix-fix3/vendor/laravel/framework/src/Illuminate/View/View.php(190): Illuminate/View/View->getContents()
#12 C:/Users/holan/Downloads/VentasFix/VentasFix-fix3/vendor/laravel/framework/src/Illuminate/View/View.php(159): Illuminate/View/View->renderContents()
#13 C:/Users/holan/Downloads/VentasFix/VentasFix-fix3/vendor/laravel/framework/src/Illuminate/Http/Response.php(69): Illuminate/View/View->render()
#14 C:/Users/holan/Downloads/VentasFix/VentasFix-fix3/vendor/laravel/framework/src/Illuminate/Http/Response.php(35): Illuminate/Http/Response->setContent()
#15 C:/Users/holan/Downloads/VentasFix/VentasFix-fix3/vendor/laravel/framework/src/Illuminate/Routing/Router.php(918): Illuminate/Http/Response->__construct()
#16 C:/Users/holan/Downloads/VentasFix/VentasFix-fix3/vendor/laravel/framework/src/Illuminate/Routing/Router.php(885): Illuminate/Routing/Router::toResponse()
#17 C:/Users/holan/Downloads/VentasFix/VentasFix-fix3/vendor/laravel/framework/src/Illuminate/Routing/Router.php(805): Illuminate/Routing/Router->prepareResponse()
#18 C:/Users/holan/Downloads/VentasFix/VentasFix-fix3/vendor/laravel/framework/src/Illuminate/Pipeline/Pipeline.php(144): Illuminate/Routing/Router->{closure:Illuminate/Routing/Router::runRouteWithinStack():805}()
#19 C:/Users/holan/Downloads/VentasFix/VentasFix-fix3/vendor/laravel/framework/src/Illuminate/Routing/Middleware/SubstituteBindings.php(50): Illuminate/Pipeline/Pipeline->{closure:Illuminate/Pipeline/Pipeline::prepareDestination():142}()
#20 C:/Users/holan/Downloads/VentasFix/VentasFix-fix3/vendor/laravel/framework/src/Illuminate/Pipeline/Pipeline.php(183): Illuminate/Routing/Middleware/SubstituteBindings->handle()
#21 C:/Users/holan/Downloads/VentasFix/VentasFix-fix3/vendor/laravel/framework/src/Illuminate/View/Middleware/ShareErrorsFromSession.php(49): Illuminate/Pipeline/Pipeline->{closure:{closure:Illuminate/Pipeline/Pipeline::carry():158}:159}()
#22 C:/Users/holan/Downloads/VentasFix/VentasFix-fix3/vendor/laravel/framework/src/Illuminate/Pipeline/Pipeline.php(183): Illuminate/View/Middleware/ShareErrorsFromSession->handle()
#23 C:/Users/holan/Downloads/VentasFix/VentasFix-fix3/vendor/laravel/framework/src/Illuminate/Session/Middleware/StartSession.php(121): Illuminate/Pipeline/Pipeline->{closure:{closure:Illuminate/Pipeline/Pipeline::carry():158}:159}()
#24 C:/Users/holan/Downloads/VentasFix/VentasFix-fix3/vendor/laravel/framework/src/Illuminate/Session/Middleware/StartSession.php(64): Illuminate/Session/Middleware/StartSession->handleStatefulRequest()
#25 C:/Users/holan/Downloads/VentasFix/VentasFix-fix3/vendor/laravel/framework/src/Illuminate/Pipeline/Pipeline.php(183): Illuminate/Session/Middleware/StartSession->handle()
#26 C:/Users/holan/Downloads/VentasFix/VentasFix-fix3/vendor/laravel/framework/src/Illuminate/Cookie/Middleware/AddQueuedCookiesToResponse.php(37): Illuminate/Pipeline/Pipeline->{closure:{closure:Illuminate/Pipeline/Pipeline::carry():158}:159}()
#27 C:/Users/holan/Downloads/VentasFix/VentasFix-fix3/vendor/laravel/framework/src/Illuminate/Pipeline/Pipeline.php(183): Illuminate/Cookie/Middleware/AddQueuedCookiesToResponse->handle()
#28 C:/Users/holan/Downloads/VentasFix/VentasFix-fix3/vendor/laravel/framework/src/Illuminate/Cookie/Middleware/EncryptCookies.php(67): Illuminate/Pipeline/Pipeline->{closure:{closure:Illuminate/Pipeline/Pipeline::carry():158}:159}()
#29 C:/Users/holan/Downloads/VentasFix/VentasFix-fix3/vendor/laravel/framework/src/Illuminate/Pipeline/Pipeline.php(183): Illuminate/Cookie/Middleware/EncryptCookies->handle()
#30 C:/Users/holan/Downloads/VentasFix/VentasFix-fix3/vendor/laravel/framework/src/Illuminate/Pipeline/Pipeline.php(119): Illuminate/Pipeline/Pipeline->{closure:{closure:Illuminate/Pipeline/Pipeline::carry():158}:159}()
#31 C:/Users/holan/Downloads/VentasFix/VentasFix-fix3/vendor/laravel/framework/src/Illuminate/Routing/Router.php(805): Illuminate/Pipeline/Pipeline->then()
#32 C:/Users/holan/Downloads/VentasFix/VentasFix-fix3/vendor/laravel/framework/src/Illuminate/Routing/Router.php(784): Illuminate/Routing/Router->runRouteWithinStack()
#33 C:/Users/holan/Downloads/VentasFix/VentasFix-fix3/vendor/laravel/framework/src/Illuminate/Routing/Router.php(748): Illuminate/Routing/Router->runRoute()
#34 C:/Users/holan/Downloads/VentasFix/VentasFix-fix3/vendor/laravel/framework/src/Illuminate/Routing/Router.php(737): Illuminate/Routing/Router->dispatchToRoute()
#35 C:/Users/holan/Downloads/VentasFix/VentasFix-fix3/vendor/laravel/framework/src/Illuminate/Foundation/Http/Kernel.php(200): Illuminate/Routing/Router->dispatch()
#36 C:/Users/holan/Downloads/VentasFix/VentasFix-fix3/vendor/laravel/framework/src/Illuminate/Pipeline/Pipeline.php(144): Illuminate/Foundation/Http/Kernel->{closure:Illuminate/Foundation/Http/Kernel::dispatchToRouter():197}()
#37 C:/Users/holan/Downloads/VentasFix/VentasFix-fix3/vendor/laravel/framework/src/Illuminate/Foundation/Http/Middleware/TransformsRequest.php(21): Illuminate/Pipeline/Pipeline->{closure:Illuminate/Pipeline/Pipeline::prepareDestination():142}()
#38 C:/Users/holan/Downloads/VentasFix/VentasFix-fix3/vendor/laravel/framework/src/Illuminate/Foundation/Http/Middleware/ConvertEmptyStringsToNull.php(31): Illuminate/Foundation/Http/Middleware/TransformsRequest->handle()
#39 C:/Users/holan/Downloads/VentasFix/VentasFix-fix3/vendor/laravel/framework/src/Illuminate/Pipeline/Pipeline.php(183): Illuminate/Foundation/Http/Middleware/ConvertEmptyStringsToNull->handle()
#40 C:/Users/holan/Downloads/VentasFix/VentasFix-fix3/vendor/laravel/framework/src/Illuminate/Foundation/Http/Middleware/ValidatePostSize.php(27): Illuminate/Pipeline/Pipeline->{closure:{closure:Illuminate/Pipeline/Pipeline::carry():158}:159}()
#41 C:/Users/holan/Downloads/VentasFix/VentasFix-fix3/vendor/laravel/framework/src/Illuminate/Pipeline/Pipeline.php(183): Illuminate/Foundation/Http/Middleware/ValidatePostSize->handle()
#42 C:/Users/holan/Downloads/VentasFix/VentasFix-fix3/vendor/laravel/framework/src/Illuminate/Foundation/Http/Middleware/PreventRequestsDuringMaintenance.php(99): Illuminate/Pipeline/Pipeline->{closure:{closure:Illuminate/Pipeline/Pipeline::carry():158}:159}()
#43 C:/Users/holan/Downloads/VentasFix/VentasFix-fix3/vendor/laravel/framework/src/Illuminate/Pipeline/Pipeline.php(183): Illuminate/Foundation/Http/Middleware/PreventRequestsDuringMaintenance->handle()
#44 C:/Users/holan/Downloads/VentasFix/VentasFix-fix3/vendor/laravel/framework/src/Illuminate/Pipeline/Pipeline.php(119): Illuminate/Pipeline/Pipeline->{closure:{closure:Illuminate/Pipeline/Pipeline::carry():158}:159}()
#45 C:/Users/holan/Downloads/VentasFix/VentasFix-fix3/vendor/laravel/framework/src/Illuminate/Foundation/Http/Kernel.php(175): Illuminate/Pipeline/Pipeline->then()
#46 C:/Users/holan/Downloads/VentasFix/VentasFix-fix3/vendor/laravel/framework/src/Illuminate/Foundation/Http/Kernel.php(144): Illuminate/Foundation/Http/Kernel->sendRequestThroughRouter()
#47 C:/Users/holan/Downloads/VentasFix/VentasFix-fix3/public/index.php(51): Illuminate/Foundation/Http/Kernel->handle()
#48 C:/Users/holan/Downloads/VentasFix/VentasFix-fix3/vendor/laravel/framework/src/Illuminate/Foundation/resources/server.php(16): require_once('...')
#49 {main}

[previous exception] [object] (Illuminate\\Foundation\\ViteManifestNotFoundException(code: 0): Vite manifest not found at: C:\\Users\\holan\\Downloads\\VentasFix\\VentasFix-fix3\\public\\build/manifest.json at C:/Users/holan/Downloads/VentasFix/VentasFix-fix3/vendor/laravel/framework/src/Illuminate/Foundation/Vite.php:728)
[stacktrace]
#0 C:/Users/holan/Downloads/VentasFix/VentasFix-fix3/vendor/laravel/framework/src/Illuminate/Foundation/Vite.php(293): Illuminate/Foundation/Vite->manifest()
#1 C:/Users/holan/Downloads/VentasFix/VentasFix-fix3/storage/framework/views/ce74d6875858434b33ecfb4df7f15c52.php(7): Illuminate/Foundation/Vite->__invoke()
#2 C:/Users/holan/Downloads/VentasFix/VentasFix-fix3/vendor/laravel/framework/src/Illuminate/Filesystem/Filesystem.php(123): require('...')
#3 C:/Users/holan/Downloads/VentasFix/VentasFix-fix3/vendor/laravel/framework/src/Illuminate/Filesystem/Filesystem.php(124): Illuminate/Filesystem/Filesystem::{closure:Illuminate/Filesystem/Filesystem::getRequire():120}()
#4 C:/Users/holan/Downloads/VentasFix/VentasFix-fix3/vendor/laravel/framework/src/Illuminate/View/Engines/PhpEngine.php(58): Illuminate/Filesystem/Filesystem->getRequire()
#5 C:/Users/holan/Downloads/VentasFix/VentasFix-fix3/vendor/laravel/framework/src/Illuminate/View/Engines/CompilerEngine.php(72): Illuminate/View/Engines/PhpEngine->evaluatePath()
#6 C:/Users/holan/Downloads/VentasFix/VentasFix-fix3/vendor/laravel/framework/src/Illuminate/View/View.php(207): Illuminate/View/Engines/CompilerEngine->get()
#7 C:/Users/holan/Downloads/VentasFix/VentasFix-fix3/vendor/laravel/framework/src/Illuminate/View/View.php(190): Illuminate/View/View->getContents()
#8 C:/Users/holan/Downloads/VentasFix/VentasFix-fix3/vendor/laravel/framework/src/Illuminate/View/View.php(159): Illuminate/View/View->renderContents()
#9 C:/Users/holan/Downloads/VentasFix/VentasFix-fix3/storage/framework/views/663058d0a1d7045d7ec3142b50615e9d.php(87): Illuminate/View/View->render()
#10 C:/Users/holan/Downloads/VentasFix/VentasFix-fix3/vendor/laravel/framework/src/Illuminate/Filesystem/Filesystem.php(123): require('...')
#11 C:/Users/holan/Downloads/VentasFix/VentasFix-fix3/vendor/laravel/framework/src/Illuminate/Filesystem/Filesystem.php(124): Illuminate/Filesystem/Filesystem::{closure:Illuminate/Filesystem/Filesystem::getRequire():120}()
#12 C:/Users/holan/Downloads/VentasFix/VentasFix-fix3/vendor/laravel/framework/src/Illuminate/View/Engines/PhpEngine.php(58): Illuminate/Filesystem/Filesystem->getRequire()
#13 C:/Users/holan/Downloads/VentasFix/VentasFix-fix3/vendor/laravel/framework/src/Illuminate/View/Engines/CompilerEngine.php(72): Illuminate/View/Engines/PhpEngine->evaluatePath()
#14 C:/Users/holan/Downloads/VentasFix/VentasFix-fix3/vendor/laravel/framework/src/Illuminate/View/View.php(207): Illuminate/View/Engines/CompilerEngine->get()
#15 C:/Users/holan/Downloads/VentasFix/VentasFix-fix3/vendor/laravel/framework/src/Illuminate/View/View.php(190): Illuminate/View/View->getContents()
#16 C:/Users/holan/Downloads/VentasFix/VentasFix-fix3/vendor/laravel/framework/src/Illuminate/View/View.php(159): Illuminate/View/View->renderContents()
#17 C:/Users/holan/Downloads/VentasFix/VentasFix-fix3/vendor/laravel/framework/src/Illuminate/Http/Response.php(69): Illuminate/View/View->render()
#18 C:/Users/holan/Downloads/VentasFix/VentasFix-fix3/vendor/laravel/framework/src/Illuminate/Http/Response.php(35): Illuminate/Http/Response->setContent()
#19 C:/Users/holan/Downloads/VentasFix/VentasFix-fix3/vendor/laravel/framework/src/Illuminate/Routing/Router.php(918): Illuminate/Http/Response->__construct()
#20 C:/Users/holan/Downloads/VentasFix/VentasFix-fix3/vendor/laravel/framework/src/Illuminate/Routing/Router.php(885): Illuminate/Routing/Router::toResponse()
#21 C:/Users/holan/Downloads/VentasFix/VentasFix-fix3/vendor/laravel/framework/src/Illuminate/Routing/Router.php(805): Illuminate/Routing/Router->prepareResponse()
#22 C:/Users/holan/Downloads/VentasFix/VentasFix-fix3/vendor/laravel/framework/src/Illuminate/Pipeline/Pipeline.php(144): Illuminate/Routing/Router->{closure:Illuminate/Routing/Router::runRouteWithinStack():805}()
#23 C:/Users/holan/Downloads/VentasFix/VentasFix-fix3/vendor/laravel/framework/src/Illuminate/Routing/Middleware/SubstituteBindings.php(50): Illuminate/Pipeline/Pipeline->{closure:Illuminate/Pipeline/Pipeline::prepareDestination():142}()
#24 C:/Users/holan/Downloads/VentasFix/VentasFix-fix3/vendor/laravel/framework/src/Illuminate/Pipeline/Pipeline.php(183): Illuminate/Routing/Middleware/SubstituteBindings->handle()
#25 C:/Users/holan/Downloads/VentasFix/VentasFix-fix3/vendor/laravel/framework/src/Illuminate/View/Middleware/ShareErrorsFromSession.php(49): Illuminate/Pipeline/Pipeline->{closure:{closure:Illuminate/Pipeline/Pipeline::carry():158}:159}()
#26 C:/Users/holan/Downloads/VentasFix/VentasFix-fix3/vendor/laravel/framework/src/Illuminate/Pipeline/Pipeline.php(183): Illuminate/View/Middleware/ShareErrorsFromSession->handle()
#27 C:/Users/holan/Downloads/VentasFix/VentasFix-fix3/vendor/laravel/framework/src/Illuminate/Session/Middleware/StartSession.php(121): Illuminate/Pipeline/Pipeline->{closure:{closure:Illuminate/Pipeline/Pipeline::carry():158}:159}()
#28 C:/Users/holan/Downloads/VentasFix/VentasFix-fix3/vendor/laravel/framework/src/Illuminate/Session/Middleware/StartSession.php(64): Illuminate/Session/Middleware/StartSession->handleStatefulRequest()
#29 C:/Users/holan/Downloads/VentasFix/VentasFix-fix3/vendor/laravel/framework/src/Illuminate/Pipeline/Pipeline.php(183): Illuminate/Session/Middleware/StartSession->handle()
#30 C:/Users/holan/Downloads/VentasFix/VentasFix-fix3/vendor/laravel/framework/src/Illuminate/Cookie/Middleware/AddQueuedCookiesToResponse.php(37): Illuminate/Pipeline/Pipeline->{closure:{closure:Illuminate/Pipeline/Pipeline::carry():158}:159}()
#31 C:/Users/holan/Downloads/VentasFix/VentasFix-fix3/vendor/laravel/framework/src/Illuminate/Pipeline/Pipeline.php(183): Illuminate/Cookie/Middleware/AddQueuedCookiesToResponse->handle()
#32 C:/Users/holan/Downloads/VentasFix/VentasFix-fix3/vendor/laravel/framework/src/Illuminate/Cookie/Middleware/EncryptCookies.php(67): Illuminate/Pipeline/Pipeline->{closure:{closure:Illuminate/Pipeline/Pipeline::carry():158}:159}()
#33 C:/Users/holan/Downloads/VentasFix/VentasFix-fix3/vendor/laravel/framework/src/Illuminate/Pipeline/Pipeline.php(183): Illuminate/Cookie/Middleware/EncryptCookies->handle()
#34 C:/Users/holan/Downloads/VentasFix/VentasFix-fix3/vendor/laravel/framework/src/Illuminate/Pipeline/Pipeline.php(119): Illuminate/Pipeline/Pipeline->{closure:{closure:Illuminate/Pipeline/Pipeline::carry():158}:159}()
#35 C:/Users/holan/Downloads/VentasFix/VentasFix-fix3/vendor/laravel/framework/src/Illuminate/Routing/Router.php(805): Illuminate/Pipeline/Pipeline->then()
#36 C:/Users/holan/Downloads/VentasFix/VentasFix-fix3/vendor/laravel/framework/src/Illuminate/Routing/Router.php(784): Illuminate/Routing/Router->runRouteWithinStack()
#37 C:/Users/holan/Downloads/VentasFix/VentasFix-fix3/vendor/laravel/framework/src/Illuminate/Routing/Router.php(748): Illuminate/Routing/Router->runRoute()
#38 C:/Users/holan/Downloads/VentasFix/VentasFix-fix3/vendor/laravel/framework/src/Illuminate/Routing/Router.php(737): Illuminate/Routing/Router->dispatchToRoute()
#39 C:/Users/holan/Downloads/VentasFix/VentasFix-fix3/vendor/laravel/framework/src/Illuminate/Foundation/Http/Kernel.php(200): Illuminate/Routing/Router->dispatch()
#40 C:/Users/holan/Downloads/VentasFix/VentasFix-fix3/vendor/laravel/framework/src/Illuminate/Pipeline/Pipeline.php(144): Illuminate/Foundation/Http/Kernel->{closure:Illuminate/Foundation/Http/Kernel::dispatchToRouter():197}()
#41 C:/Users/holan/Downloads/VentasFix/VentasFix-fix3/vendor/laravel/framework/src/Illuminate/Foundation/Http/Middleware/TransformsRequest.php(21): Illuminate/Pipeline/Pipeline->{closure:Illuminate/Pipeline/Pipeline::prepareDestination():142}()
#42 C:/Users/holan/Downloads/VentasFix/VentasFix-fix3/vendor/laravel/framework/src/Illuminate/Foundation/Http/Middleware/ConvertEmptyStringsToNull.php(31): Illuminate/Foundation/Http/Middleware/TransformsRequest->handle()
#43 C:/Users/holan/Downloads/VentasFix/VentasFix-fix3/vendor/laravel/framework/src/Illuminate/Pipeline/Pipeline.php(183): Illuminate/Foundation/Http/Middleware/ConvertEmptyStringsToNull->handle()
#44 C:/Users/holan/Downloads/VentasFix/VentasFix-fix3/vendor/laravel/framework/src/Illuminate/Foundation/Http/Middleware/ValidatePostSize.php(27): Illuminate/Pipeline/Pipeline->{closure:{closure:Illuminate/Pipeline/Pipeline::carry():158}:159}()
#45 C:/Users/holan/Downloads/VentasFix/VentasFix-fix3/vendor/laravel/framework/src/Illuminate/Pipeline/Pipeline.php(183): Illuminate/Foundation/Http/Middleware/ValidatePostSize->handle()
#46 C:/Users/holan/Downloads/VentasFix/VentasFix-fix3/vendor/laravel/framework/src/Illuminate/Foundation/Http/Middleware/PreventRequestsDuringMaintenance.php(99): Illuminate/Pipeline/Pipeline->{closure:{closure:Illuminate/Pipeline/Pipeline::carry():158}:159}()
#47 C:/Users/holan/Downloads/VentasFix/VentasFix-fix3/vendor/laravel/framework/src/Illuminate/Pipeline/Pipeline.php(183): Illuminate/Foundation/Http/Middleware/PreventRequestsDuringMaintenance->handle()
#48 C:/Users/holan/Downloads/VentasFix/VentasFix-fix3/vendor/laravel/framework/src/Illuminate/Pipeline/Pipeline.php(119): Illuminate/Pipeline/Pipeline->{closure:{closure:Illuminate/Pipeline/Pipeline::carry():158}:159}()
#49 C:/Users/holan/Downloads/VentasFix/VentasFix-fix3/vendor/laravel/framework/src/Illuminate/Foundation/Http/Kernel.php(175): Illuminate/Pipeline/Pipeline->then()
#50 C:/Users/holan/Downloads/VentasFix/VentasFix-fix3/vendor/laravel/framework/src/Illuminate/Foundation/Http/Kernel.php(144): Illuminate/Foundation/Http/Kernel->sendRequestThroughRouter()
#51 C:/Users/holan/Downloads/VentasFix/VentasFix-fix3/public/index.php(51): Illuminate/Foundation/Http/Kernel->handle()
#52 C:/Users/holan/Downloads/VentasFix/VentasFix-fix3/vendor/laravel/framework/src/Illuminate/Foundation/resources/server.php(16): require_once('...')
#53 {main}
"} 
